<html>
<body>
<pre>
<h1>礦ision Build Log</h1>
<h2>Tool Versions:</h2>
IDE-Version: μVision V5.35.0.0
Copyright (C) 2021 ARM Ltd and ARM Germany GmbH. All rights reserved.
License Information: dell dell, dell, LIC=WHYH9-4VG97-Z95G9-4J1Y1-BUKXX-S34U9
 
Tool Versions:
Toolchain:       MDK-ARM Plus  Version: 5.35.0.2
Toolchain Path:  D:\keil5\ARM\ARMCC\Bin
C Compiler:      Armcc.exe V5.06 update 7 (build 960)
Assembler:       Armasm.exe V5.06 update 7 (build 960)
Linker/Locator:  ArmLink.exe V5.06 update 7 (build 960)
Library Manager: ArmAr.exe V5.06 update 7 (build 960)
Hex Converter:   FromElf.exe V5.06 update 7 (build 960)
CPU DLL:         SARMCM3.DLL V5.35.0.2
Dialog DLL:      DARMSTM.DLL V1.68.0.0
Target DLL:      STLink\ST-LINKIII-KEIL_SWO.dll V3.0.9.0
Dialog DLL:      TARMSTM.DLL V1.66.0.0
 
<h2>Project:</h2>
D:\桌面\研电赛相关材料\轮趣科技\小车测试程序\Speed_PI_azimuth_PID\USER\LCD.uvprojx
Project File Date:  05/28/2026

<h2>Output:</h2>
*** Using Compiler 'V5.06 update 7 (build 960)', folder: 'D:\keil5\ARM\ARMCC\Bin'
Rebuild target 'LCD'
assembling startup_stm32f103xe.s...
compiling stm32f1xx_hal_msp.c...
compiling stm32f1xx_hal_cortex.c...
compiling stm32f1xx_hal_uart.c...
compiling stm32f1xx_hal_flash.c...
compiling stm32f1xx_hal_rcc.c...
compiling stm32f1xx_hal_pwr.c...
compiling system_stm32f1xx.c...
compiling stm32f1xx_hal_gpio_ex.c...
compiling stm32f1xx_hal.c...
compiling stm32f1xx_hal_rcc_ex.c...
compiling main.c...
compiling stm32f1xx_hal_flash_ex.c...
compiling stm32f1xx_hal_dma.c...
compiling stm32f1xx_it.c...
compiling filter.c...
..\HARDWARE\MPU6050\filter.c(32): warning:  #550-D: variable "angle_dot"  was set but never used
  	static float angle_dot;
..\HARDWARE\MPU6050\filter.c(102): warning:  #550-D: variable "angle_dot"  was set but never used
  	static float angle_dot;
..\HARDWARE\MPU6050\filter.c: 2 warnings, 0 errors
compiling stm32f1xx_hal_gpio.c...
compiling stm32f1xx_hal_usart.c...
compiling lcd.c...
compiling delay.c...
compiling stm32f1xx_hal_adc.c...
compiling stm32f1xx_hal_sram.c...
compiling pid.c...
compiling stm32f1xx_ll_fsmc.c...
compiling inv_mpu.c...
compiling led.c...
compiling sys.c...
compiling stm32f1xx_hal_adc_ex.c...
compiling inv_mpu_dmp_motion_driver.c...
compiling stm32f1xx_hal_tim_ex.c...
compiling IOI2C.c...
compiling usart.c...
compiling stm32f1xx_hal_tim.c...
compiling battery.c...
compiling MPU6050.c...
compiling motor_driver.c...
compiling speed_tune.c...
compiling encoder_driver.c...
compiling key_control.c...
compiling chassis_bsp.c...
compiling display_ui.c...
compiling chassis.c...
compiling debug_protocol.c...
compiling turn_tune.c...
linking...
Program Size: Code=71908 RO-data=22904 RW-data=300 ZI-data=3436  
FromELF: creating hex file...
"..\OBJ\LCD.axf" - 0 Error(s), 2 Warning(s).

<h2>Software Packages used:</h2>

Package Vendor: Keil
                http://www.keil.com/pack/Keil.STM32F1xx_DFP.2.2.0.pack
                Keil.STM32F1xx_DFP.2.2.0
                STMicroelectronics STM32F1 Series Device Support, Drivers and Examples

<h2>Collection of Component include folders:</h2>
  D:\keil_packs\Keil\STM32F1xx_DFP\2.2.0\Device\Include

<h2>Collection of Component Files used:</h2>
Build Time Elapsed:  00:00:14
</pre>
</body>
</html>
